RAM Allocation [bytes]
Variable                                                                          Address   Size
------------------------------------------------------------------------------------------------

EEPROM Allocation [bytes]
Variable                                                                          Address   Size
------------------------------------------------------------------------------------------------

Register Allocation
Variable                                                                          Register  Size
------------------------------------------------------------------------------------------------
PWMDir                                                                            R4,R5        2
statusMotor                                                                       R6,R7        2
numButtom                                                                         R8,R9        2

FLASH Allocation [words]
Function                                                                          Address   Size
------------------------------------------------------------------------------------------------
initializationDefolt                                                              0x00C46     46
initPWM                                                                           0x00C74      2
checkPortPC                                                                       0x00C76     42
goUpDown                                                                          0x00CC9     19
main                                                                              0x00CDC      6
exterInt1                                                                         0x00CE2     63
